RUN# example2 (from sampc)
Dataset: ../example2.csv
Records: 2400   Observations: 2000  Subjects: 400
Estimation Method(s):
 - Iterative Two Stage (No Prior)
 - Importance Sampling (No Prior)
No Heuristic Problems Detected
+-------+---------+----------+-------------------+
| THETA |  NAME   | ESTIMATE |   STDERR (RSE)    |
+-------+---------+----------+-------------------+
| TH 1  | THETA1  | 3.30073  | 0.0327653 (1.0%)  |
| TH 2  | THETA2  | 3.2541   | 0.0287357 (0.9%)  |
| TH 3  | THETA3  | -0.61237 | 0.00955889 (1.6%) |
| TH 4  | THETA4  | -0.20862 | 0.00833768 (4.0%) |
| TH 5  | THETA5  | 0.7376   | 0.0389863 (5.3%)  |
| TH 6  | THETA6  | 1.14159  | 0.0359517 (3.1%)  |
| TH 7  | THETA7  | 0.334262 | 0.0112757 (3.4%)  |
| TH 8  | THETA8  | 0.190709 | 0.0104081 (5.5%)  |
| TH 9  | THETA9  | 0.690655 | 0.0103728 (1.5%)  |
| TH 10 | THETA10 | 2.29873  | 0.00853012 (0.4%) |
| TH 11 | THETA11 | 0.100015 | 0.00277642 (2.8%) |
+-------+---------+----------+-------------------+
+------------+------+----------+---------------+
|   OMEGA    | ETA  | ESTIMATE | SHRINKAGE (%) |
+------------+------+----------+---------------+
| OMEGA(1,1) | ETA1 | 0.010324 | 6.963780      |
| OMEGA(2,2) | ETA2 | 0.007990 | [31m33.252400[0m     |
| OMEGA(3,3) | ETA3 | 0.009797 | [31m41.559200[0m     |
| OMEGA(4,4) | ETA4 | 0.009728 | 24.876700     |
+------------+------+----------+---------------+
