RUN# example2 (from sampc)
Dataset: ../example2.csv
Records: 2400   Observations: 2000  Subjects: 400
Estimation Method(s):
 - Stochastic Approximation Expectation-Maximization
 - Objective Function Evaluation by Importance Sampling
No Heuristic Problems Detected
+-------+---------+-----------+-------------------+
| THETA |  NAME   | ESTIMATE  |   STDERR (RSE)    |
+-------+---------+-----------+-------------------+
| TH 1  | THETA1  | 3.3005    | 0.0327196 (1.0%)  |
| TH 2  | THETA2  | 3.25197   | 0.0286983 (0.9%)  |
| TH 3  | THETA3  | -0.612219 | 0.00953967 (1.6%) |
| TH 4  | THETA4  | -0.208012 | 0.00832314 (4.0%) |
| TH 5  | THETA5  | 0.737294  | 0.0397247 (5.4%)  |
| TH 6  | THETA6  | 1.13599   | 0.0359193 (3.2%)  |
| TH 7  | THETA7  | 0.334629  | 0.0114868 (3.4%)  |
| TH 8  | THETA8  | 0.192352  | 0.0103952 (5.4%)  |
| TH 9  | THETA9  | 0.691697  | 0.0108139 (1.6%)  |
| TH 10 | THETA10 | 2.29937   | 0.00872688 (0.4%) |
| TH 11 | THETA11 | 0.0991684 | 0.00276566 (2.8%) |
+-------+---------+-----------+-------------------+
+------------+------+----------+---------------+
|   OMEGA    | ETA  | ESTIMATE | SHRINKAGE (%) |
+------------+------+----------+---------------+
| OMEGA(1,1) | ETA1 | 0.010410 | 7.307200      |
| OMEGA(2,2) | ETA2 | 0.008278 | [31m33.685200[0m     |
| OMEGA(3,3) | ETA3 | 0.013140 | [31m40.626700[0m     |
| OMEGA(4,4) | ETA4 | 0.010987 | 27.760900     |
+------------+------+----------+---------------+
